// Jest Snapshot v1, https://goo.gl/fbAQLP

exports[`renders editor correctly 1`] = `
<View>
  <Text>
    Pixel Editor
  </Text>
  <Text>
    Enter Panel Dimensions
  </Text>
  <View
    style={
      Object {
        "alignItems": "center",
        "justifyContent": "center",
      }
    }
  >
    <View>
      <View>
        <TextInput
          allowFontScaling={true}
          keyboardType="numeric"
          onChange={[Function]}
          rejectResponderTermination={true}
          testID="inputWidth"
          underlineColorAndroid="transparent"
          value={8}
        />
        <Text>
          Width
        </Text>
      </View>
      <View>
        <TextInput
          allowFontScaling={true}
          keyboardType="numeric"
          onChange={[Function]}
          rejectResponderTermination={true}
          underlineColorAndroid="transparent"
          value={8}
        />
        <Text>
          Height
        </Text>
      </View>
    </View>
    <Text
      style={
        Array [
          Object {
            "color": "black",
          },
          Object {
            "fontSize": 30,
          },
        ]
      }
    >
      Backgroundcolor
    </Text>
    <View
      style={
        Array [
          Object {
            "alignItems": "center",
            "flexDirection": "row",
            "flexWrap": "wrap",
            "justifyContent": "center",
          },
          Object {},
        ]
      }
    >
      <View
        accessible={true}
        focusable={true}
        onClick={[Function]}
        onResponderGrant={[Function]}
        onResponderMove={[Function]}
        onResponderRelease={[Function]}
        onResponderTerminate={[Function]}
        onResponderTerminationRequest={[Function]}
        onStartShouldSetResponder={[Function]}
        style={
          Object {
            "alignItems": "center",
            "backgroundColor": "#FFFFFF",
            "borderColor": "rgba(0,0,0,0.2)",
            "borderRadius": 15,
            "borderWidth": 1,
            "elevation": 5,
            "height": 30,
            "justifyContent": "center",
            "marginHorizontal": 10,
            "marginVertical": 10,
            "opacity": 1,
            "shadowColor": "black",
            "shadowOffset": Object {
              "height": 2,
              "width": 2,
            },
            "shadowOpacity": 0.25,
            "width": 30,
          }
        }
      >
        <Text
          adjustsFontSizeToFit={true}
          style={
            Object {
              "color": "#000000",
              "fontSize": 20,
            }
          }
        >
          ✔︎
        </Text>
      </View>
      <View
        accessible={true}
        focusable={true}
        onClick={[Function]}
        onResponderGrant={[Function]}
        onResponderMove={[Function]}
        onResponderRelease={[Function]}
        onResponderTerminate={[Function]}
        onResponderTerminationRequest={[Function]}
        onStartShouldSetResponder={[Function]}
        style={
          Object {
            "alignItems": "center",
            "backgroundColor": "#000000",
            "borderColor": "rgba(0,0,0,0.2)",
            "borderRadius": 15,
            "borderWidth": 1,
            "elevation": 5,
            "height": 30,
            "justifyContent": "center",
            "marginHorizontal": 10,
            "marginVertical": 10,
            "opacity": 1,
            "shadowColor": "black",
            "shadowOffset": Object {
              "height": 2,
              "width": 2,
            },
            "shadowOpacity": 0.25,
            "width": 30,
          }
        }
      />
      <View
        accessible={true}
        focusable={true}
        onClick={[Function]}
        onResponderGrant={[Function]}
        onResponderMove={[Function]}
        onResponderRelease={[Function]}
        onResponderTerminate={[Function]}
        onResponderTerminationRequest={[Function]}
        onStartShouldSetResponder={[Function]}
        style={
          Object {
            "alignItems": "center",
            "backgroundColor": "#C0C1BB",
            "borderColor": "rgba(0,0,0,0.2)",
            "borderRadius": 15,
            "borderWidth": 1,
            "elevation": 5,
            "height": 30,
            "justifyContent": "center",
            "marginHorizontal": 10,
            "marginVertical": 10,
            "opacity": 1,
            "shadowColor": "black",
            "shadowOffset": Object {
              "height": 2,
              "width": 2,
            },
            "shadowOpacity": 0.25,
            "width": 30,
          }
        }
      />
      <View
        accessible={true}
        focusable={true}
        onClick={[Function]}
        onResponderGrant={[Function]}
        onResponderMove={[Function]}
        onResponderRelease={[Function]}
        onResponderTerminate={[Function]}
        onResponderTerminationRequest={[Function]}
        onStartShouldSetResponder={[Function]}
        style={
          Object {
            "alignItems": "center",
            "backgroundColor": "#8B4513",
            "borderColor": "rgba(0,0,0,0.2)",
            "borderRadius": 15,
            "borderWidth": 1,
            "elevation": 5,
            "height": 30,
            "justifyContent": "center",
            "marginHorizontal": 10,
            "marginVertical": 10,
            "opacity": 1,
            "shadowColor": "black",
            "shadowOffset": Object {
              "height": 2,
              "width": 2,
            },
            "shadowOpacity": 0.25,
            "width": 30,
          }
        }
      />
      <View
        accessible={true}
        focusable={true}
        onClick={[Function]}
        onResponderGrant={[Function]}
        onResponderMove={[Function]}
        onResponderRelease={[Function]}
        onResponderTerminate={[Function]}
        onResponderTerminationRequest={[Function]}
        onStartShouldSetResponder={[Function]}
        style={
          Object {
            "alignItems": "center",
            "backgroundColor": "#FC2727",
            "borderColor": "rgba(0,0,0,0.2)",
            "borderRadius": 15,
            "borderWidth": 1,
            "elevation": 5,
            "height": 30,
            "justifyContent": "center",
            "marginHorizontal": 10,
            "marginVertical": 10,
            "opacity": 1,
            "shadowColor": "black",
            "shadowOffset": Object {
              "height": 2,
              "width": 2,
            },
            "shadowOpacity": 0.25,
            "width": 30,
          }
        }
      />
      <View
        accessible={true}
        focusable={true}
        onClick={[Function]}
        onResponderGrant={[Function]}
        onResponderMove={[Function]}
        onResponderRelease={[Function]}
        onResponderTerminate={[Function]}
        onResponderTerminationRequest={[Function]}
        onStartShouldSetResponder={[Function]}
        style={
          Object {
            "alignItems": "center",
            "backgroundColor": "#FE7001",
            "borderColor": "rgba(0,0,0,0.2)",
            "borderRadius": 15,
            "borderWidth": 1,
            "elevation": 5,
            "height": 30,
            "justifyContent": "center",
            "marginHorizontal": 10,
            "marginVertical": 10,
            "opacity": 1,
            "shadowColor": "black",
            "shadowOffset": Object {
              "height": 2,
              "width": 2,
            },
            "shadowOpacity": 0.25,
            "width": 30,
          }
        }
      />
      <View
        accessible={true}
        focusable={true}
        onClick={[Function]}
        onResponderGrant={[Function]}
        onResponderMove={[Function]}
        onResponderRelease={[Function]}
        onResponderTerminate={[Function]}
        onResponderTerminationRequest={[Function]}
        onStartShouldSetResponder={[Function]}
        style={
          Object {
            "alignItems": "center",
            "backgroundColor": "#F6FF00",
            "borderColor": "rgba(0,0,0,0.2)",
            "borderRadius": 15,
            "borderWidth": 1,
            "elevation": 5,
            "height": 30,
            "justifyContent": "center",
            "marginHorizontal": 10,
            "marginVertical": 10,
            "opacity": 1,
            "shadowColor": "black",
            "shadowOffset": Object {
              "height": 2,
              "width": 2,
            },
            "shadowOpacity": 0.25,
            "width": 30,
          }
        }
      />
      <View
        accessible={true}
        focusable={true}
        onClick={[Function]}
        onResponderGrant={[Function]}
        onResponderMove={[Function]}
        onResponderRelease={[Function]}
        onResponderTerminate={[Function]}
        onResponderTerminationRequest={[Function]}
        onStartShouldSetResponder={[Function]}
        style={
          Object {
            "alignItems": "center",
            "backgroundColor": "#10FF00",
            "borderColor": "rgba(0,0,0,0.2)",
            "borderRadius": 15,
            "borderWidth": 1,
            "elevation": 5,
            "height": 30,
            "justifyContent": "center",
            "marginHorizontal": 10,
            "marginVertical": 10,
            "opacity": 1,
            "shadowColor": "black",
            "shadowOffset": Object {
              "height": 2,
              "width": 2,
            },
            "shadowOpacity": 0.25,
            "width": 30,
          }
        }
      />
      <View
        accessible={true}
        focusable={true}
        onClick={[Function]}
        onResponderGrant={[Function]}
        onResponderMove={[Function]}
        onResponderRelease={[Function]}
        onResponderTerminate={[Function]}
        onResponderTerminationRequest={[Function]}
        onStartShouldSetResponder={[Function]}
        style={
          Object {
            "alignItems": "center",
            "backgroundColor": "#015411",
            "borderColor": "rgba(0,0,0,0.2)",
            "borderRadius": 15,
            "borderWidth": 1,
            "elevation": 5,
            "height": 30,
            "justifyContent": "center",
            "marginHorizontal": 10,
            "marginVertical": 10,
            "opacity": 1,
            "shadowColor": "black",
            "shadowOffset": Object {
              "height": 2,
              "width": 2,
            },
            "shadowOpacity": 0.25,
            "width": 30,
          }
        }
      />
      <View
        accessible={true}
        focusable={true}
        onClick={[Function]}
        onResponderGrant={[Function]}
        onResponderMove={[Function]}
        onResponderRelease={[Function]}
        onResponderTerminate={[Function]}
        onResponderTerminationRequest={[Function]}
        onStartShouldSetResponder={[Function]}
        style={
          Object {
            "alignItems": "center",
            "backgroundColor": "#0771FF",
            "borderColor": "rgba(0,0,0,0.2)",
            "borderRadius": 15,
            "borderWidth": 1,
            "elevation": 5,
            "height": 30,
            "justifyContent": "center",
            "marginHorizontal": 10,
            "marginVertical": 10,
            "opacity": 1,
            "shadowColor": "black",
            "shadowOffset": Object {
              "height": 2,
              "width": 2,
            },
            "shadowOpacity": 0.25,
            "width": 30,
          }
        }
      />
      <View
        accessible={true}
        focusable={true}
        onClick={[Function]}
        onResponderGrant={[Function]}
        onResponderMove={[Function]}
        onResponderRelease={[Function]}
        onResponderTerminate={[Function]}
        onResponderTerminationRequest={[Function]}
        onStartShouldSetResponder={[Function]}
        style={
          Object {
            "alignItems": "center",
            "backgroundColor": "#241ED9",
            "borderColor": "rgba(0,0,0,0.2)",
            "borderRadius": 15,
            "borderWidth": 1,
            "elevation": 5,
            "height": 30,
            "justifyContent": "center",
            "marginHorizontal": 10,
            "marginVertical": 10,
            "opacity": 1,
            "shadowColor": "black",
            "shadowOffset": Object {
              "height": 2,
              "width": 2,
            },
            "shadowOpacity": 0.25,
            "width": 30,
          }
        }
      />
      <View
        accessible={true}
        focusable={true}
        onClick={[Function]}
        onResponderGrant={[Function]}
        onResponderMove={[Function]}
        onResponderRelease={[Function]}
        onResponderTerminate={[Function]}
        onResponderTerminationRequest={[Function]}
        onStartShouldSetResponder={[Function]}
        style={
          Object {
            "alignItems": "center",
            "backgroundColor": "#550068",
            "borderColor": "rgba(0,0,0,0.2)",
            "borderRadius": 15,
            "borderWidth": 1,
            "elevation": 5,
            "height": 30,
            "justifyContent": "center",
            "marginHorizontal": 10,
            "marginVertical": 10,
            "opacity": 1,
            "shadowColor": "black",
            "shadowOffset": Object {
              "height": 2,
              "width": 2,
            },
            "shadowOpacity": 0.25,
            "width": 30,
          }
        }
      />
    </View>
  </View>
  <View
    accessibilityRole="button"
    accessibilityState={Object {}}
    accessible={true}
    focusable={true}
    onClick={[Function]}
    onResponderGrant={[Function]}
    onResponderMove={[Function]}
    onResponderRelease={[Function]}
    onResponderTerminate={[Function]}
    onResponderTerminationRequest={[Function]}
    onStartShouldSetResponder={[Function]}
    style={
      Object {
        "opacity": 1,
      }
    }
  >
    <View
      style={
        Array [
          Object {},
        ]
      }
    >
      <Text
        style={
          Array [
            Object {
              "color": "#007AFF",
              "fontSize": 18,
              "margin": 8,
              "textAlign": "center",
            },
          ]
        }
      >
        start drawing
      </Text>
    </View>
  </View>
  <View>
    <View />
    <View />
  </View>
</View>
`;
